// Jest Snapshot v1, https://goo.gl/fbAQLP

exports[`Table renders correctly 1`] = `
<div
  className="css-1todvj7"
>
  <table
    className="css-1mid9s7"
  >
    <tbody
      className="css-0"
    >
      <tr
        className="css-0"
      >
        <th
          className="css-q3icmu"
        >
          Firstname
        </th>
        <th
          className="css-q3icmu"
        >
          Lastname
        </th>
        <th
          className="css-q3icmu"
        >
          Age
        </th>
        <th
          className="css-q3icmu"
        >
          Gender
        </th>
      </tr>
    </tbody>
    <tbody>
      <tr
        className="css-0"
      >
        <td
          className="css-1pbxru0"
        >
          John
        </td>
        <td
          className="css-1pbxru0"
        >
          Doe
        </td>
        <td
          className="css-1pbxru0"
        >
          30
        </td>
        <td
          className="css-1pbxru0"
        >
          Male
        </td>
      </tr>
      <tr
        className="css-0"
      >
        <td
          className="css-1pbxru0"
        >
          Jane
        </td>
        <td
          className="css-1pbxru0"
        >
          Doe
        </td>
        <td
          className="css-1pbxru0"
        >
          29
        </td>
        <td
          className="css-1pbxru0"
        >
          Female
        </td>
      </tr>
    </tbody>
  </table>
</div>
`;
